// Jest Snapshot v1, https://goo.gl/fbAQLP

exports[`renders a dragon card correctly 1`] = `
<div
  class="dragon-card rounded my-3"
>
  <div
    class="row"
  >
    <div
      class="col-md-5 col-sm-12 d-flex justify-content-around"
    >
      <div>
        No image available
      </div>
    </div>
    <div
      class="col-sm-12 col-md-7"
    >
      <div
        class="py-3"
      >
        <h2
          class=""
        >
          Dragon 1
        </h2>
      </div>
      <div
        class=""
      >
        Dragon 1 description
      </div>
      <div
        class="py-3"
      >
        <button
          class="btn btn-primary"
          type="submit"
        >
          Reserve Dragon
        </button>
      </div>
    </div>
  </div>
</div>
`;
